[sman1guntur.sch.id/index.html]
[cdn.jsdelivr.net/npm/bootstrap@5.0.1/dist/css/bootstrap.min.css]
[backblue.gif]
[fade.gif]
[index.html]
[sman1guntur.sch.id/img/background_SMA.jpg]
[sman1guntur.sch.id/img/mpls_2024.jpg]
[sman1guntur.sch.id/img/pkwu/pkwu01.jpg]
[sman1guntur.sch.id/img/pkks.jpg]
[sman1guntur.sch.id/index291d.html]
[sman1guntur.sch.id/indexc0f2.html]
[sman1guntur.sch.id/img/project_01.jpg]
[sman1guntur.sch.id/img/iht.jpg]
[sman1guntur.sch.id/index6fee.html]
[sman1guntur.sch.id/img/belajar.jpg]
[sman1guntur.sch.id/indexdbb6.html]
[sman1guntur.sch.id/index.html]
[sman1guntur.sch.id/indexfef5.html]
[cdn.jsdelivr.net/npm/bootstrap@5.0.1/dist/js/bootstrap.bundle.min.js]
[sman1guntur.sch.id/indexbc35.html]
[cdn.jsdelivr.net/npm/bootstrap@5.0.1/dist/css/bootstrap.min.css]
[sman1guntur.sch.id/index4903.html]
[sman1guntur.sch.id/index4ff7.html]
[sman1guntur.sch.id/style.css]
[sman1guntur.sch.id/index1375.html]
[sman1guntur.sch.id/index291d.html]
[sman1guntur.sch.id/indexc0f2.html]
[sman1guntur.sch.id/img/struktur.jpg]
[sman1guntur.sch.id/index6fee.html]
[sman1guntur.sch.id/indexdbb6.html]
[sman1guntur.sch.id/indexfef5.html]
[sman1guntur.sch.id/img/pkwu/pkwu_col.jpg]
[sman1guntur.sch.id/img/pkwu/pkwu02.jpg]
[sman1guntur.sch.id/img/pkwu/pkwu03.jpg]
[sman1guntur.sch.id/img/pkwu/pkwu04.jpg]
[sman1guntur.sch.id/img/pkwu/pkwu05.jpg]
[sman1guntur.sch.id/img/pkwu/pkwu06.jpg]
[sman1guntur.sch.id/img/pkwu/pkwu07.jpg]
[sman1guntur.sch.id/img/pkwu/pkwu08.jpg]
[sman1guntur.sch.id/indexbc35.html]
[sman1guntur.sch.id/index4ff7.html]
[sman1guntur.sch.id/img/project_02.jpg]
[sman1guntur.sch.id/img/project_03.jpg]
[sman1guntur.sch.id/index4903.html]
[sman1guntur.sch.id/img/iht2.jpg]
[sman1guntur.sch.id/index1375.html]
